2023-11-01 23:59:58 <1> pbl-0: bootloader = grub2
2023-11-01 23:59:58 <1> pbl-0: bootloader = grub2
2023-11-01 23:59:58 <3> pbl-0: '/usr/lib/bootloader/grub2/add-option foo="bar  zap"' failed with exit code 2, output:
>>>>>>>>>>>>>>>>
cmdline (old): mitigations=off quiet foo="foo  bar" quiet nosimplefb=1
/usr/lib/bootloader/grub2/add-option: 39: read: Illegal option -n
cmdline (new): foo="bar  zap"
/usr/lib/bootloader/grub2/add-option: 77: Bad substitution
<<<<<<<<<<<<<<<<
2023-11-01 23:59:58 <1> pbl-0: bootloader = grub2
2023-11-01 23:59:58 <3> pbl-0: '/usr/lib/bootloader/grub2/add-option quiet=99' failed with exit code 2, output:
>>>>>>>>>>>>>>>>
cmdline (old): mitigations=off quiet foo="foo  bar" quiet nosimplefb=1
/usr/lib/bootloader/grub2/add-option: 39: read: Illegal option -n
cmdline (new): quiet=99
/usr/lib/bootloader/grub2/add-option: 77: Bad substitution
<<<<<<<<<<<<<<<<
2023-11-01 23:59:58 <1> pbl-0: bootloader = grub2
2023-11-01 23:59:58 <3> pbl-0: '/usr/lib/bootloader/grub2/add-option mitigations=0' failed with exit code 2, output:
>>>>>>>>>>>>>>>>
cmdline (old): mitigations=off quiet foo="foo  bar" quiet nosimplefb=1
/usr/lib/bootloader/grub2/add-option: 39: read: Illegal option -n
cmdline (new): mitigations=0
/usr/lib/bootloader/grub2/add-option: 77: Bad substitution
<<<<<<<<<<<<<<<<
2023-11-01 23:59:58 <1> pbl-0: bootloader = grub2
2023-11-01 23:59:58 <3> pbl-0: '/usr/lib/bootloader/grub2/add-option foobar1=' failed with exit code 2, output:
>>>>>>>>>>>>>>>>
cmdline (old): mitigations=off quiet foo="foo  bar" quiet nosimplefb=1
/usr/lib/bootloader/grub2/add-option: 39: read: Illegal option -n
cmdline (new): foobar1=
/usr/lib/bootloader/grub2/add-option: 77: Bad substitution
<<<<<<<<<<<<<<<<
2023-11-01 23:59:58 <1> pbl-0: bootloader = grub2
2023-11-01 23:59:58 <3> pbl-0: '/usr/lib/bootloader/grub2/add-option foobar2' failed with exit code 2, output:
>>>>>>>>>>>>>>>>
cmdline (old): mitigations=off quiet foo="foo  bar" quiet nosimplefb=1
/usr/lib/bootloader/grub2/add-option: 39: read: Illegal option -n
cmdline (new): foobar2
/usr/lib/bootloader/grub2/add-option: 77: Bad substitution
<<<<<<<<<<<<<<<<
2023-11-01 23:59:58 <1> pbl-0: bootloader = grub2
2023-11-01 23:59:58 <1> pbl-0: '/usr/lib/bootloader/grub2/default-settings' = 0, output:
>>>>>>>>>>>>>>>>
/usr/lib/bootloader/grub2/default-settings: 12: Bad substitution
<<<<<<<<<<<<<<<<
2023-11-01 23:59:58 <1> pbl-0: result:
>>>>>>>>>>>>>>>>
kernel=/boot/vmlinuz
initrd=/boot/initrd
append=
<<<<<<<<<<<<<<<<
