2023-11-01 23:59:58 <1> pbl-0: bootloader = grub2
2023-11-01 23:59:58 <1> pbl-0: bootloader = grub2-bls
2023-11-01 23:59:58 <1> pbl-0: '/usr/lib/bootloader/grub2-bls/remove-kernel 6.5.4-1-default' = 0, output:
>>>>>>>>>>>>>>>>
+ kernel-install remove 6.5.4-1-default
<<<<<<<<<<<<<<<<
2023-11-01 23:59:58 <1> pbl-0: bootloader = grub2-bls
2023-11-01 23:59:58 <3> pbl-0: '/usr/lib/bootloader/grub2-bls/remove-kernel 6.5.4-1-default' failed with exit code 1, output:
>>>>>>>>>>>>>>>>
+ kernel-install remove 6.5.4-1-default
/usr/bin/kernel-install: test error 42 :-(
<<<<<<<<<<<<<<<<
