2023-11-01 23:59:58 <1> pbl-0: bootloader = grub2
2023-11-01 23:59:58 <1> pbl-0: bootloader = grub2
2023-11-01 23:59:58 <1> pbl-0: '/usr/lib/bootloader/grub2/install' = 0, output:
>>>>>>>>>>>>>>>>
target = powerpc-ieee1275
+ /usr/sbin/grub2-install '--target=powerpc-ieee1275' --force --skip-fs-probe /dev/sda
<<<<<<<<<<<<<<<<
2023-11-01 23:59:58 <1> pbl-0: bootloader = grub2
2023-11-01 23:59:58 <3> pbl-0: '/usr/lib/bootloader/grub2/install' failed with exit code 1, output:
>>>>>>>>>>>>>>>>
target = powerpc-ieee1275
/usr/sbin/grub2-install: test error 42 :-(
+ /usr/sbin/grub2-install '--target=powerpc-ieee1275' --force --skip-fs-probe /dev/sda
/usr/sbin/grub2-install: test error 42 :-(
<<<<<<<<<<<<<<<<
