2023-11-01 23:59:58 <1> pbl-0: bootloader = grub2
2023-11-01 23:59:58 <1> pbl-0: bootloader = grub2-bls
2023-11-01 23:59:58 <1> pbl-0: '/usr/lib/bootloader/grub2-bls/add-option foo="bar  zap"' = 0, output:
>>>>>>>>>>>>>>>>
cmdline (old): mitigations=on mitigations=off zap="xxx  123" quiet foo="foo  bar" quiet=off nosimplefb=1
cmdline (new): mitigations=on mitigations=off zap="xxx  123" quiet foo="bar  zap" quiet=off nosimplefb=1
<<<<<<<<<<<<<<<<
2023-11-01 23:59:58 <1> pbl-0: bootloader = grub2-bls
2023-11-01 23:59:58 <1> pbl-0: '/usr/lib/bootloader/grub2-bls/add-option quiet=99' = 0, output:
>>>>>>>>>>>>>>>>
cmdline (old): mitigations=on mitigations=off zap="xxx  123" quiet foo="bar  zap" quiet=off nosimplefb=1
cmdline (new): mitigations=on mitigations=off zap="xxx  123" quiet=99 foo="bar  zap" nosimplefb=1
<<<<<<<<<<<<<<<<
2023-11-01 23:59:58 <1> pbl-0: bootloader = grub2-bls
2023-11-01 23:59:58 <1> pbl-0: '/usr/lib/bootloader/grub2-bls/add-option mitigations=0' = 0, output:
>>>>>>>>>>>>>>>>
cmdline (old): mitigations=on mitigations=off zap="xxx  123" quiet=99 foo="bar  zap" nosimplefb=1
cmdline (new): mitigations=0 zap="xxx  123" quiet=99 foo="bar  zap" nosimplefb=1
<<<<<<<<<<<<<<<<
2023-11-01 23:59:58 <1> pbl-0: bootloader = grub2-bls
2023-11-01 23:59:58 <1> pbl-0: '/usr/lib/bootloader/grub2-bls/add-option foobar1=' = 0, output:
>>>>>>>>>>>>>>>>
cmdline (old): mitigations=0 zap="xxx  123" quiet=99 foo="bar  zap" nosimplefb=1
cmdline (new): mitigations=0 zap="xxx  123" quiet=99 foo="bar  zap" nosimplefb=1 foobar1=
<<<<<<<<<<<<<<<<
2023-11-01 23:59:58 <1> pbl-0: bootloader = grub2-bls
2023-11-01 23:59:58 <1> pbl-0: '/usr/lib/bootloader/grub2-bls/add-option foobar2' = 0, output:
>>>>>>>>>>>>>>>>
cmdline (old): mitigations=0 zap="xxx  123" quiet=99 foo="bar  zap" nosimplefb=1 foobar1=
cmdline (new): mitigations=0 zap="xxx  123" quiet=99 foo="bar  zap" nosimplefb=1 foobar1= foobar2
<<<<<<<<<<<<<<<<
2023-11-01 23:59:58 <1> pbl-0: bootloader = grub2-bls
2023-11-01 23:59:58 <1> pbl-0: '/usr/lib/bootloader/grub2-bls/default-settings' = 0, output:
2023-11-01 23:59:58 <1> pbl-0: result:
>>>>>>>>>>>>>>>>
kernel=/boot/efi/66189a0fcd0549d4972374596381672c/6.9.9-1-default/linux
initrd=/boot/efi/66189a0fcd0549d4972374596381672c/6.9.9-1-default/initrd-6.9.9-1-default
append="mitigations=0 zap=\"xxx  123\" quiet=99 foo=\"bar  zap\" nosimplefb=1 foobar1= foobar2"
<<<<<<<<<<<<<<<<
