[✔] pbl --loader grub2-bls
[✔] pbl --del-option quiet=on
[✔] pbl --del-option quiet=off
[✔] pbl --del-option foo
[✔] pbl --del-option quiet
[✔] pbl --del-option mitigations
[✔] pbl --del-option foobar
kernel=/boot/efi/66189a0fcd0549d4972374596381672c/6.9.9-1-default/linux
initrd=/boot/efi/66189a0fcd0549d4972374596381672c/6.9.9-1-default/initrd-6.9.9-1-default
append="zap=\"xxx  123\" nosimplefb=1"
[✔] pbl --default-settings
