2023-11-01 23:59:58 <1> pbl-0: bootloader = grub2
2023-11-01 23:59:58 <1> pbl-0: bootloader = grub2-bls
2023-11-01 23:59:58 <1> pbl-0: '/usr/lib/bootloader/grub2-bls/del-option quiet=on' = 0, output:
>>>>>>>>>>>>>>>>
cmdline (old): mitigations=on mitigations=off zap="xxx  123" quiet foo="foo  bar" quiet=off nosimplefb=1
cmdline not updated
<<<<<<<<<<<<<<<<
2023-11-01 23:59:58 <1> pbl-0: bootloader = grub2-bls
2023-11-01 23:59:58 <1> pbl-0: '/usr/lib/bootloader/grub2-bls/del-option quiet=off' = 0, output:
>>>>>>>>>>>>>>>>
cmdline (old): mitigations=on mitigations=off zap="xxx  123" quiet foo="foo  bar" quiet=off nosimplefb=1
cmdline (new): mitigations=on mitigations=off zap="xxx  123" quiet foo="foo  bar" nosimplefb=1
<<<<<<<<<<<<<<<<
2023-11-01 23:59:58 <1> pbl-0: bootloader = grub2-bls
2023-11-01 23:59:58 <1> pbl-0: '/usr/lib/bootloader/grub2-bls/del-option foo' = 0, output:
>>>>>>>>>>>>>>>>
cmdline (old): mitigations=on mitigations=off zap="xxx  123" quiet foo="foo  bar" nosimplefb=1
cmdline (new): mitigations=on mitigations=off zap="xxx  123" quiet nosimplefb=1
<<<<<<<<<<<<<<<<
2023-11-01 23:59:58 <1> pbl-0: bootloader = grub2-bls
2023-11-01 23:59:58 <1> pbl-0: '/usr/lib/bootloader/grub2-bls/del-option quiet' = 0, output:
>>>>>>>>>>>>>>>>
cmdline (old): mitigations=on mitigations=off zap="xxx  123" quiet nosimplefb=1
cmdline (new): mitigations=on mitigations=off zap="xxx  123" nosimplefb=1
<<<<<<<<<<<<<<<<
2023-11-01 23:59:58 <1> pbl-0: bootloader = grub2-bls
2023-11-01 23:59:58 <1> pbl-0: '/usr/lib/bootloader/grub2-bls/del-option mitigations' = 0, output:
>>>>>>>>>>>>>>>>
cmdline (old): mitigations=on mitigations=off zap="xxx  123" nosimplefb=1
cmdline (new): zap="xxx  123" nosimplefb=1
<<<<<<<<<<<<<<<<
2023-11-01 23:59:58 <1> pbl-0: bootloader = grub2-bls
2023-11-01 23:59:58 <1> pbl-0: '/usr/lib/bootloader/grub2-bls/del-option foobar' = 0, output:
>>>>>>>>>>>>>>>>
cmdline (old): zap="xxx  123" nosimplefb=1
cmdline not updated
<<<<<<<<<<<<<<<<
2023-11-01 23:59:58 <1> pbl-0: bootloader = grub2-bls
2023-11-01 23:59:58 <1> pbl-0: '/usr/lib/bootloader/grub2-bls/default-settings' = 0, output:
2023-11-01 23:59:58 <1> pbl-0: result:
>>>>>>>>>>>>>>>>
kernel=/boot/efi/66189a0fcd0549d4972374596381672c/6.9.9-1-default/linux
initrd=/boot/efi/66189a0fcd0549d4972374596381672c/6.9.9-1-default/initrd-6.9.9-1-default
append="zap=\"xxx  123\" nosimplefb=1"
<<<<<<<<<<<<<<<<
