2023-11-01 23:59:58 <1> pbl-0: bootloader = grub2
2023-11-01 23:59:58 <1> pbl-0: bootloader = grub2
2023-11-01 23:59:58 <1> pbl-0: '/usr/lib/bootloader/grub2/install' = 0, output:
>>>>>>>>>>>>>>>>
target = powerpc-ieee1275
grub_installdevice missing or invalid
determining suitable boot device
disk device(/boot)
kernel device = md0p2
disk(md0p2) = md0
slave(md0) = sda
disk = sda
prep_partition(sda) = sda1
+ /usr/sbin/grub2-install '--target=powerpc-ieee1275' --force --skip-fs-probe /dev/sda1
<<<<<<<<<<<<<<<<
2023-11-01 23:59:58 <1> pbl-0: bootloader = grub2
2023-11-01 23:59:58 <3> pbl-0: '/usr/lib/bootloader/grub2/install' failed with exit code 1, output:
>>>>>>>>>>>>>>>>
target = powerpc-ieee1275
grub_installdevice missing or invalid
determining suitable boot device
disk device(/boot)
kernel device = md0p2
disk(md0p2) = md0
slave(md0) = sda
disk = sda
prep_partition(sda) = sda1
+ /usr/sbin/grub2-install '--target=powerpc-ieee1275' --force --skip-fs-probe /dev/sda1
/usr/sbin/grub2-install --target=powerpc-ieee1275 --force --skip-fs-probe /dev/sda1: test error 42 :-(
<<<<<<<<<<<<<<<<
