[✔] pbl --loader grub2-efi
[✔] pbl --install
target = x86_64-efi, update default location = 0
+ /usr/sbin/shim-install '--config-file=/boot/grub2/grub.cfg' --no-nvram --removable
/usr/sbin/shim-install --config-file=/boot/grub2/grub.cfg --no-nvram --removable: test error 42 :-(
efi_distro_dir=opensuse
efi_order=0008,0009,0007,0001,0000,0002,0003,0004,0005,0006
efi_entry.num=0007
efi_entry.file=EFI/opensuse/shim.efi
efi_entry.name=openSUSE Boot Manager (grub2-bls)
[✘] pbl --install = 1
