2023-11-01 23:59:58 <1> pbl-0: bootloader = grub2
2023-11-01 23:59:58 <1> pbl-0: bootloader = grub2
2023-11-01 23:59:58 <3> pbl-0: '/usr/lib/bootloader/grub2/install' failed with exit code 1, output:
>>>>>>>>>>>>>>>>
target = powerpc-ieee1275
grub_installdevice missing or invalid
no grub2 install device found
<<<<<<<<<<<<<<<<
