[✔] pbl --loader systemd-boot
[✔] pbl --add-kernel 6.5.4-1-default
[✔] pbl --add-kernel 6.5.4-1-default /boot/vmlinuz-6.5.4-1-default
[✔] pbl --add-kernel 6.5.4-1-default /boot/vmlinuz-6.5.4-1-default /boot/initrd
[✔] pbl --add-kernel 6.5.4-1-foobar
kernel version "6.5.4-1-zapp" not found
[✘] pbl --add-kernel 6.5.4-1-zapp = 1
+ kernel-install add 6.5.4-1-default /boot/vmlinuz-6.5.4-1-default /boot/initrd-6.5.4-1-default
/usr/bin/kernel-install: test error 42 :-(
[✘] pbl --add-kernel 6.5.4-1-default = 1
