
## Path:	System/Bootloader
## Description:	Bootloader configuration
## Type:	list(grub,grub2,grub2-efi,none)
## Default:	grub2
#
# Type of bootloader in use.
# For making the change effect run bootloader configuration tool
# and configure newly selected bootloader
#
#
LOADER_TYPE="grub2-efi"

## Path:	System/Bootloader
## Description:	Bootloader configuration
## Type:	yesno
## Default:	"no"
#
# Enable Secure Boot support
# Only available on UEFI systems and IBM z15+.
#
#
SECURE_BOOT="yes"

## Path:	System/Bootloader
## Description:	Bootloader configuration
## Type:	yesno
## Default:	"no"
#
# Enable Trusted Boot support
# Only available on hardware with a Trusted Platform Module.
#
TRUSTED_BOOT="no"

## Path:	System/Bootloader
## Description:	Bootloader configuration
## Type:	yesno
## Default:	"yes"
#
# Update nvram boot settings (UEFI, OF)
# Unset to preserve specific settings or workaround firmware issues.
#
UPDATE_NVRAM="yes"
