2023-11-01 23:59:58 <1> pbl-0: bootloader = grub2
2023-11-01 23:59:58 <1> pbl-0: bootloader = grub2
2023-11-01 23:59:58 <1> pbl-0: '/usr/lib/bootloader/grub2/get-option quiet' = 0, output:
>>>>>>>>>>>>>>>>
CMDLINE: mitigations=on mitigations=off quiet foo="foo  bar" nosimplefb=1
<<<<<<<<<<<<<<<<
2023-11-01 23:59:58 <1> pbl-0: result:
>>>>>>>>>>>>>>>>
quiet
<<<<<<<<<<<<<<<<
2023-11-01 23:59:58 <1> pbl-0: bootloader = grub2
2023-11-01 23:59:58 <1> pbl-0: '/usr/lib/bootloader/grub2/get-option mitigations' = 0, output:
>>>>>>>>>>>>>>>>
CMDLINE: mitigations=on mitigations=off quiet foo="foo  bar" nosimplefb=1
<<<<<<<<<<<<<<<<
2023-11-01 23:59:58 <1> pbl-0: result:
>>>>>>>>>>>>>>>>
mitigations=off
<<<<<<<<<<<<<<<<
2023-11-01 23:59:58 <1> pbl-0: bootloader = grub2
2023-11-01 23:59:58 <1> pbl-0: '/usr/lib/bootloader/grub2/get-option mitigations=on' = 0, output:
>>>>>>>>>>>>>>>>
CMDLINE: mitigations=on mitigations=off quiet foo="foo  bar" nosimplefb=1
<<<<<<<<<<<<<<<<
2023-11-01 23:59:58 <1> pbl-0: result:
>>>>>>>>>>>>>>>>
mitigations=on
<<<<<<<<<<<<<<<<
2023-11-01 23:59:58 <1> pbl-0: bootloader = grub2
2023-11-01 23:59:58 <1> pbl-0: '/usr/lib/bootloader/grub2/get-option mitigations=xxx' = 0, output:
>>>>>>>>>>>>>>>>
CMDLINE: mitigations=on mitigations=off quiet foo="foo  bar" nosimplefb=1
<<<<<<<<<<<<<<<<
2023-11-01 23:59:58 <1> pbl-0: bootloader = grub2
2023-11-01 23:59:58 <1> pbl-0: '/usr/lib/bootloader/grub2/get-option foo' = 0, output:
>>>>>>>>>>>>>>>>
CMDLINE: mitigations=on mitigations=off quiet foo="foo  bar" nosimplefb=1
<<<<<<<<<<<<<<<<
2023-11-01 23:59:58 <1> pbl-0: result:
>>>>>>>>>>>>>>>>
foo="foo  bar"
<<<<<<<<<<<<<<<<
