2023-11-01 23:59:58 <1> pbl-0: bootloader = grub2
2023-11-01 23:59:58 <1> update-bootloader-11: bootloader = grub2-efi
2023-11-01 23:59:58 <1> update-bootloader-11: '/usr/lib/bootloader/grub2-efi/config' = 0, output:
>>>>>>>>>>>>>>>>
+ /usr/sbin/grub2-mkconfig -o /boot/grub2/grub.cfg
<<<<<<<<<<<<<<<<
2023-11-01 23:59:58 <1> update-bootloader-27: bootloader = grub2-efi
2023-11-01 23:59:58 <1> update-bootloader-27: '/usr/lib/bootloader/grub2-efi/install' = 0, output:
>>>>>>>>>>>>>>>>
target = x86_64-efi, update default location = 0
+ /usr/sbin/shim-install '--config-file=/boot/grub2/grub.cfg' --no-nvram --removable
<<<<<<<<<<<<<<<<
2023-11-01 23:59:58 <1> update-bootloader-27: '/usr/lib/bootloader/grub2-efi/config' = 0, output:
>>>>>>>>>>>>>>>>
+ /usr/sbin/grub2-mkconfig -o /boot/grub2/grub.cfg
<<<<<<<<<<<<<<<<
2023-11-01 23:59:58 <1> update-bootloader-54: bootloader = grub2-efi
2023-11-01 23:59:58 <1> update-bootloader-54: '/usr/lib/bootloader/grub2-efi/config' = 0, output:
>>>>>>>>>>>>>>>>
+ /usr/sbin/grub2-mkconfig -o /boot/grub2/grub.cfg
<<<<<<<<<<<<<<<<
2023-11-01 23:59:58 <1> update-bootloader-70: bootloader = grub2-efi
2023-11-01 23:59:58 <3> update-bootloader-70: '/usr/lib/bootloader/grub2-efi/install' failed with exit code 42, output:
>>>>>>>>>>>>>>>>
target = x86_64-efi, update default location = 0
+ /usr/sbin/shim-install '--config-file=/boot/grub2/grub.cfg' --no-nvram --removable
/usr/sbin/shim-install: test error 42 :-(
<<<<<<<<<<<<<<<<
2023-11-01 23:59:58 <1> update-bootloader-89: bootloader = grub2-efi
2023-11-01 23:59:58 <3> update-bootloader-89: '/usr/lib/bootloader/grub2-efi/config' failed with exit code 42, output:
>>>>>>>>>>>>>>>>
+ /usr/sbin/grub2-mkconfig -o /boot/grub2/grub.cfg
/usr/sbin/grub2-mkconfig: test error 42 :-(
<<<<<<<<<<<<<<<<
2023-11-01 23:59:58 <1> update-bootloader-105: bootloader = grub2-efi
2023-11-01 23:59:58 <3> update-bootloader-105: '/usr/lib/bootloader/grub2-efi/install' failed with exit code 42, output:
>>>>>>>>>>>>>>>>
target = x86_64-efi, update default location = 0
+ /usr/sbin/shim-install '--config-file=/boot/grub2/grub.cfg' --no-nvram --removable
/usr/sbin/shim-install: test error 42 :-(
<<<<<<<<<<<<<<<<
2023-11-01 23:59:58 <1> update-bootloader-124: bootloader = grub2-efi
2023-11-01 23:59:58 <3> update-bootloader-124: '/usr/lib/bootloader/grub2-efi/config' failed with exit code 42, output:
>>>>>>>>>>>>>>>>
+ /usr/sbin/grub2-mkconfig -o /boot/grub2/grub.cfg
/usr/sbin/grub2-mkconfig: test error 42 :-(
<<<<<<<<<<<<<<<<
2023-11-01 23:59:58 <1> update-bootloader-140: bootloader = grub2-efi
2023-11-01 23:59:58 <1> update-bootloader-140: '/usr/lib/bootloader/grub2-efi/install' = 0, output:
>>>>>>>>>>>>>>>>
target = x86_64-efi, update default location = 0
+ /usr/sbin/shim-install '--config-file=/boot/grub2/grub.cfg' --no-nvram --removable
<<<<<<<<<<<<<<<<
2023-11-01 23:59:58 <3> update-bootloader-140: '/usr/lib/bootloader/grub2-efi/config' failed with exit code 42, output:
>>>>>>>>>>>>>>>>
+ /usr/sbin/grub2-mkconfig -o /boot/grub2/grub.cfg
/usr/sbin/grub2-mkconfig: test error 42 :-(
<<<<<<<<<<<<<<<<
